
                            < M A T L A B (R) >
                  Copyright 1984-2016 The MathWorks, Inc.
                   R2016b (9.1.0.441655) 64-bit (glnxa64)
                             September 7, 2016

#############################################################################
#             $$$ Enjoy the <pop-lsbbo> pure-MATLAB Library $$$             #
#                        --- version: 0.00.000.1 ---                        #
#############################################################################
     2: opty 1.76e-05 + runtime 3.27e-01.
    10: opty 2.97e-04 + runtime 3.32e-02.
   100: opty 2.31e-03 + runtime 1.62e-01.
  1000: opty 2.73e-02 + runtime 4.92e+00.
  2000: opty 5.57e-02 + runtime 2.76e+01.
  4000: opty 1.11e-01 + runtime 1.05e+03.
  6000: opty 1.61e-01 + runtime 3.02e+03.
  8000: opty 2.17e-01 + runtime 7.27e+03.
 10000: opty 2.70e-01 + runtime 1.35e+04.
Total runtime: 2.48929e+04.
