
                            < M A T L A B (R) >
                  Copyright 1984-2016 The MathWorks, Inc.
                   R2016b (9.1.0.441655) 64-bit (glnxa64)
                             September 7, 2016

#############################################################################
#             $$$ Enjoy the <pop-lsbbo> pure-MATLAB Library $$$             #
#                        --- version: 0.00.000.1 ---                        #
#############################################################################
     2: opty 1.97e-25 + runtime 3.70e-01.
    10: opty 8.38e-25 + runtime 3.65e-02.
   100: opty 3.96e-17 + runtime 1.19e-02.
  1000: opty 9.70e-18 + runtime 1.15e-02.
  2000: opty 1.10e-19 + runtime 3.44e-02.
  4000: opty 6.90e-19 + runtime 4.35e-02.
  6000: opty 2.32e-11 + runtime 4.17e-02.
  8000: opty 1.95e-13 + runtime 4.17e-02.
 10000: opty 2.39e-14 + runtime 4.98e-02.
Total runtime: 7.10858e-01.
