
                            < M A T L A B (R) >
                  Copyright 1984-2016 The MathWorks, Inc.
                   R2016b (9.1.0.441655) 64-bit (glnxa64)
                             September 7, 2016

#############################################################################
#             $$$ Enjoy the <pop-lsbbo> pure-MATLAB Library $$$             #
#                        --- version: 0.00.000.1 ---                        #
#############################################################################
     2: opty 2.54e-06 + runtime 3.36e-01.
    10: opty 8.67e+03 + runtime 1.79e-02.
   100: opty 1.07e+01 + runtime 2.27e-02.
  1000: opty 4.33e+03 + runtime 2.42e-01.
  2000: opty 6.33e+03 + runtime 6.25e-01.
  4000: opty 8.82e+03 + runtime 1.62e+00.
  6000: opty 1.92e+03 + runtime 3.06e+00.
  8000: opty 4.89e+03 + runtime 5.21e+00.
 10000: opty 5.67e+03 + runtime 1.54e+01.
Total runtime: 2.65660e+01.
