
                            < M A T L A B (R) >
                  Copyright 1984-2016 The MathWorks, Inc.
                   R2016b (9.1.0.441655) 64-bit (glnxa64)
                             September 7, 2016

#############################################################################
#             $$$ Enjoy the <pop-lsbbo> pure-MATLAB Library $$$             #
#                        --- version: 0.00.000.1 ---                        #
#############################################################################
     2: opty 1.22e+02 + runtime 1.97e+00.
    10: opty 8.67e+03 + runtime 6.13e-02.
   100: opty 1.07e+01 + runtime 1.01e-01.
  1000: opty 4.33e+03 + runtime 1.06e-01.
  2000: opty 6.33e+03 + runtime 2.65e-01.
  4000: opty 8.82e+03 + runtime 6.15e-01.
  6000: opty 1.92e+03 + runtime 1.43e+00.
  8000: opty 4.89e+03 + runtime 2.06e+00.
 10000: opty 5.67e+03 + runtime 3.68e+00.
Total runtime: 1.78112e+01.
