
                            < M A T L A B (R) >
                  Copyright 1984-2016 The MathWorks, Inc.
                   R2016b (9.1.0.441655) 64-bit (glnxa64)
                             September 7, 2016

#############################################################################
#             $$$ Enjoy the <pop-lsbbo> pure-MATLAB Library $$$             #
#                        --- version: 0.00.000.1 ---                        #
#############################################################################
     2: opty 1.55e+03 + runtime 1.05e+00.
    10: opty 4.13e-07 + runtime 4.50e-02.
   100: opty 4.84e-07 + runtime 6.46e-02.
  1000: opty 6.84e-04 + runtime 1.01e-01.
  2000: opty 4.45e-03 + runtime 3.22e-01.
  4000: opty 1.47e-10 + runtime 7.93e-01.
  6000: opty 1.50e-04 + runtime 1.52e+00.
  8000: opty 2.71e-04 + runtime 2.70e+00.
 10000: opty 5.27e-06 + runtime 4.99e+00.
Total runtime: 1.53770e+01.
