
                            < M A T L A B (R) >
                  Copyright 1984-2016 The MathWorks, Inc.
                   R2016b (9.1.0.441655) 64-bit (glnxa64)
                             September 7, 2016

#############################################################################
#             $$$ Enjoy the <pop-lsbbo> pure-MATLAB Library $$$             #
#                        --- version: 0.00.000.1 ---                        #
#############################################################################
     2: opty 2.00e-06 + runtime 4.00e-01.
    10: opty 4.00e-07 + runtime 1.55e-02.
   100: opty 4.00e-08 + runtime 1.61e-02.
  1000: opty 4.26e-09 + runtime 1.50e-01.
  2000: opty 2.01e-09 + runtime 4.44e-01.
  4000: opty 1.01e-09 + runtime 1.55e+00.
  6000: opty 6.81e-10 + runtime 3.34e+00.
  8000: opty 5.14e-10 + runtime 5.67e+00.
 10000: opty 6.64e-10 + runtime 2.00e+01.
Total runtime: 3.16536e+01.
