
                            < M A T L A B (R) >
                  Copyright 1984-2016 The MathWorks, Inc.
                   R2016b (9.1.0.441655) 64-bit (glnxa64)
                             September 7, 2016

#############################################################################
#             $$$ Enjoy the <pop-lsbbo> pure-MATLAB Library $$$             #
#                        --- version: 0.00.000.1 ---                        #
#############################################################################
     2: opty 8.61e-02 + runtime 1.03e+00.
    10: opty 2.18e-09 + runtime 4.29e-02.
   100: opty 1.82e-03 + runtime 1.01e-01.
  1000: opty 3.76e-03 + runtime 3.64e-01.
  2000: opty 4.89e-03 + runtime 8.63e-01.
  4000: opty 2.79e-01 + runtime 1.60e+00.
  6000: opty 3.11e-01 + runtime 3.50e+00.
  8000: opty 4.47e-01 + runtime 5.68e+00.
 10000: opty 4.93e-01 + runtime 1.60e+01.
Total runtime: 2.92053e+01.
