
                            < M A T L A B (R) >
                  Copyright 1984-2016 The MathWorks, Inc.
                   R2016b (9.1.0.441655) 64-bit (glnxa64)
                             September 7, 2016

#############################################################################
#             $$$ Enjoy the <pop-lsbbo> pure-MATLAB Library $$$             #
#                        --- version: 0.00.000.1 ---                        #
#############################################################################
     2: opty 2.00e-06 + runtime 3.37e-01.
    10: opty 3.60e-06 + runtime 2.75e-02.
   100: opty 3.96e-06 + runtime 1.34e-01.
  1000: opty 4.00e-06 + runtime 5.54e+00.
  2000: opty 4.00e-06 + runtime 2.30e+01.
  4000: opty 4.00e-06 + runtime 1.11e+03.
  6000: opty 4.00e-06 + runtime 3.18e+03.
  8000: opty 4.00e-06 + runtime 7.50e+03.
 10000: opty 4.00e-06 + runtime 1.03e+04.
Total runtime: 2.20862e+04.
