
                            < M A T L A B (R) >
                  Copyright 1984-2016 The MathWorks, Inc.
                   R2016b (9.1.0.441655) 64-bit (glnxa64)
                             September 7, 2016

#############################################################################
#             $$$ Enjoy the <pop-lsbbo> pure-MATLAB Library $$$             #
#                        --- version: 0.00.000.1 ---                        #
#############################################################################
     2: opty 2.71e-03 + runtime 3.96e-01.
    10: opty 3.98e+03 + runtime 1.41e-02.
   100: opty 6.16e+03 + runtime 8.03e-02.
  1000: opty 9.61e+03 + runtime 2.36e+00.
  2000: opty 8.18e-01 + runtime 1.65e+01.
  4000: opty 2.39e+03 + runtime 3.16e+02.
(manually STOP it owing to excessively long runtime)
