
                            < M A T L A B (R) >
                  Copyright 1984-2016 The MathWorks, Inc.
                   R2016b (9.1.0.441655) 64-bit (glnxa64)
                             September 7, 2016

#############################################################################
#             $$$ Enjoy the <pop-lsbbo> pure-MATLAB Library $$$             #
#                        --- version: 0.00.000.1 ---                        #
#############################################################################
     2: opty 1.52e-15 + runtime 3.25e-01.
    10: opty 6.40e-13 + runtime 2.59e-02.
   100: opty 9.03e-10 + runtime 6.76e-02.
  1000: opty 3.83e-14 + runtime 2.18e+00.
  2000: opty 4.55e-20 + runtime 8.37e+00.
  4000: opty 3.15e-17 + runtime 3.37e+01.
  6000: opty 1.24e-18 + runtime 7.72e+01.
  8000: opty 2.59e-16 + runtime 1.33e+02.
 10000: opty 7.55e-13 + runtime 2.50e+02.
Total runtime: 5.05484e+02.
