
                            < M A T L A B (R) >
                  Copyright 1984-2016 The MathWorks, Inc.
                   R2016b (9.1.0.441655) 64-bit (glnxa64)
                             September 7, 2016

#############################################################################
#             $$$ Enjoy the <pop-lsbbo> pure-MATLAB Library $$$             #
#                        --- version: 0.00.000.1 ---                        #
#############################################################################
     2: opty 1.53e+02 + runtime 9.84e-01.
    10: opty 8.55e+03 + runtime 5.69e-02.
   100: opty 1.17e+00 + runtime 1.33e-01.
  1000: opty 3.88e+03 + runtime 4.08e+00.
  2000: opty 7.05e+03 + runtime 2.01e+01.
  4000: opty 9.35e+03 + runtime 1.22e+02.
  6000: opty 1.85e+03 + runtime 3.58e+02.
  8000: opty 4.47e+03 + runtime 8.02e+02.
 10000: opty 5.43e+03 + runtime 2.47e+03.
Total runtime: 3.78394e+03.
