
                            < M A T L A B (R) >
                  Copyright 1984-2016 The MathWorks, Inc.
                   R2016b (9.1.0.441655) 64-bit (glnxa64)
                             September 7, 2016

#############################################################################
#             $$$ Enjoy the <pop-lsbbo> pure-MATLAB Library $$$             #
#                        --- version: 0.00.000.1 ---                        #
#############################################################################
     2: opty 5.46e+01 + runtime 1.02e+00.
    10: opty 3.98e+03 + runtime 5.28e-02.
   100: opty 6.16e+03 + runtime 1.38e-01.
  1000: opty 9.61e+03 + runtime 2.09e+00.
  2000: opty 1.16e+01 + runtime 8.66e+00.
  4000: opty 2.39e+03 + runtime 2.46e+02.
  6000: opty 5.53e+03 + runtime 7.00e+02.
  8000: opty 7.62e+03 + runtime 1.58e+03.
 10000: opty 6.35e+02 + runtime 2.94e+03.
Total runtime: 5.47315e+03.
