
                            < M A T L A B (R) >
                  Copyright 1984-2016 The MathWorks, Inc.
                   R2016b (9.1.0.441655) 64-bit (glnxa64)
                             September 7, 2016

#############################################################################
#             $$$ Enjoy the <pop-lsbbo> pure-MATLAB Library $$$             #
#                        --- version: 0.00.000.1 ---                        #
#############################################################################
     2: opty 5.46e+01 + runtime 9.89e-01.
    10: opty 3.98e+03 + runtime 4.47e-02.
   100: opty 6.16e+03 + runtime 1.27e-01.
  1000: opty 9.61e+03 + runtime 1.63e+00.
  2000: opty 1.03e+01 + runtime 6.87e+00.
  4000: opty 2.39e+03 + runtime 1.23e+02.
  6000: opty 5.49e+03 + runtime 3.69e+02.
  8000: opty 7.54e+03 + runtime 9.38e+02.
 10000: opty 8.84e+02 + runtime 1.96e+03.
Total runtime: 3.39918e+03.
