
                            < M A T L A B (R) >
                  Copyright 1984-2016 The MathWorks, Inc.
                   R2016b (9.1.0.441655) 64-bit (glnxa64)
                             September 7, 2016

#############################################################################
#             $$$ Enjoy the <pop-lsbbo> pure-MATLAB Library $$$             #
#                        --- version: 0.00.000.1 ---                        #
#############################################################################
     2: opty 2.00e-06 + runtime 6.18e-01.
    10: opty 1.79e+04 + runtime 5.79e+00.
   100: opty 4.00e-08 + runtime 2.90e-02.
  1000: opty 1.02e-08 + runtime 1.10e+00.
  2000: opty 2.38e-09 + runtime 9.80e-01.
  4000: opty 1.32e-08 + runtime 4.50e+00.
  6000: opty 1.38e+07 + runtime 1.22e+04.
  8000: opty 9.68e-09 + runtime 1.97e+01.
 10000: opty 1.49e+06 + runtime 6.11e+04.
Total runtime: 7.33135e+04.
