
                            < M A T L A B (R) >
                  Copyright 1984-2016 The MathWorks, Inc.
                   R2016b (9.1.0.441655) 64-bit (glnxa64)
                             September 7, 2016

#############################################################################
#             $$$ Enjoy the <pop-lsbbo> pure-MATLAB Library $$$             #
#                        --- version: 0.00.000.1 ---                        #
#############################################################################
     2: opty 1.36e-05 + runtime 3.35e-01.
    10: opty 3.08e-05 + runtime 1.91e-02.
   100: opty 1.71e-04 + runtime 4.27e-02.
  1000: opty 6.37e-03 + runtime 2.57e-01.
  2000: opty 9.55e-03 + runtime 1.29e+00.
  4000: opty 3.49e-02 + runtime 1.59e+00.
  6000: opty 3.83e-02 + runtime 3.42e+00.
  8000: opty 5.83e-02 + runtime 6.05e+00.
 10000: opty 1.53e-01 + runtime 1.89e+01.
Total runtime: 3.19796e+01.
