
                            < M A T L A B (R) >
                  Copyright 1984-2016 The MathWorks, Inc.
                   R2016b (9.1.0.441655) 64-bit (glnxa64)
                             September 7, 2016

#############################################################################
#             $$$ Enjoy the <pop-lsbbo> pure-MATLAB Library $$$             #
#                        --- version: 0.00.000.1 ---                        #
#############################################################################
     2: opty 2.35e+01 + runtime 4.01e+00.
    10: opty 8.67e+03 + runtime 1.51e-02.
   100: opty 9.00e+00 + runtime 2.94e-02.
  1000: opty 4.13e+03 + runtime 3.39e-01.
  2000: opty 6.35e+03 + runtime 1.01e+00.
  4000: opty 8.97e+03 + runtime 1.93e+00.
  6000: opty 2.17e+03 + runtime 3.37e+00.
  8000: opty 5.35e+03 + runtime 5.91e+00.
 10000: opty 6.40e+03 + runtime 1.60e+01.
Total runtime: 3.26623e+01.
