
                            < M A T L A B (R) >
                  Copyright 1984-2016 The MathWorks, Inc.
                   R2016b (9.1.0.441655) 64-bit (glnxa64)
                             September 7, 2016

#############################################################################
#             $$$ Enjoy the <pop-lsbbo> pure-MATLAB Library $$$             #
#                        --- version: 0.00.000.1 ---                        #
#############################################################################
     2: opty 6.04e-25 + runtime 2.88e-01.
    10: opty 1.67e-29 + runtime 3.45e-02.
   100: opty 7.28e-19 + runtime 8.13e-03.
  1000: opty 8.30e-27 + runtime 8.37e-03.
  2000: opty 3.74e-11 + runtime 2.44e-02.
  4000: opty 1.55e-27 + runtime 2.16e-02.
  6000: opty 4.45e-26 + runtime 1.23e-02.
  8000: opty 1.82e-10 + runtime 1.21e-02.
 10000: opty 1.97e-27 + runtime 1.60e-02.
Total runtime: 4.89241e-01.
