
                            < M A T L A B (R) >
                  Copyright 1984-2016 The MathWorks, Inc.
                   R2016b (9.1.0.441655) 64-bit (glnxa64)
                             September 7, 2016

#############################################################################
#             $$$ Enjoy the <pop-lsbbo> pure-MATLAB Library $$$             #
#                        --- version: 0.00.000.1 ---                        #
#############################################################################
     2: opty 3.01e-05 + runtime 3.34e-01.
    10: opty 2.85e+04 + runtime 8.46e+00.
   100: opty 2.93e-05 + runtime 3.72e-02.
  1000: opty 2.71e-05 + runtime 9.10e-01.
  2000: opty 4.84e+06 + runtime 2.57e+03.
  4000: opty 2.75e-05 + runtime 1.11e+01.
  6000: opty 2.77e-05 + runtime 1.80e+01.
  8000: opty 2.75e-05 + runtime 2.48e+01.
 10000: opty 2.78e-05 + runtime 7.56e+01.
Total runtime: 2.70825e+03.
