
                            < M A T L A B (R) >
                  Copyright 1984-2016 The MathWorks, Inc.
                   R2016b (9.1.0.441655) 64-bit (glnxa64)
                             September 7, 2016

#############################################################################
#             $$$ Enjoy the <pop-lsbbo> pure-MATLAB Library $$$             #
#                        --- version: 0.00.000.1 ---                        #
#############################################################################
     2: opty 2.00e-06 + runtime 3.44e-01.
    10: opty 3.60e-06 + runtime 1.76e-02.
   100: opty 9.36e-01 + runtime 3.45e+01.
  1000: opty 2.47e+03 + runtime 5.63e+02.
  2000: opty 3.72e+03 + runtime 1.65e+03.
  4000: opty 7.49e+03 + runtime 5.57e+03.
  6000: opty 1.49e+03 + runtime 1.19e+04.
  8000: opty 3.58e+03 + runtime 2.08e+04.
 10000: opty 4.34e+03 + runtime 6.21e+04.
Total runtime: 1.02662e+05.
